[2026-08-01 17:54:22] [INFO] [init_db.py:16] - Initializing Rajdhani POS database...
[2026-08-01 17:54:23] [ERROR] [connection.py:29] - Failed to connect to MySQL Server at localhost:3306 - Error: 1045 (28000): Access denied for user 'root'@'localhost' (using password: NO)
[2026-08-01 17:54:23] [ERROR] [init_db.py:59] - Database initialization failed: 1045 (28000): Access denied for user 'root'@'localhost' (using password: NO)
[2026-08-01 17:54:46] [INFO] [init_db.py:16] - Initializing Rajdhani POS database...
[2026-08-01 17:54:46] [INFO] [init_db.py:26] - Database `rajdhani_pos_db` checked/created successfully.
[2026-08-01 17:54:46] [INFO] [init_db.py:49] - Schema & sample seed data applied successfully.
[2026-08-01 17:54:53] [ERROR] [connection.py:82] - Query execution error: 1146 (42S02): Table 'rajdhani_pos_db.users' doesn't exist
Query: SELECT * FROM users WHERE username = %s AND password_hash = %s AND is_active = 1
Params: ('admin', '240be518fabd2724ddb6f04eeb1da5967448d7e831c08c8fa822809f74c720a9')
[2026-08-01 17:54:53] [ERROR] [user.py:40] - Authentication error: 1146 (42S02): Table 'rajdhani_pos_db.users' doesn't exist
[2026-08-01 17:55:04] [INFO] [init_db.py:16] - Initializing Rajdhani POS database...
[2026-08-01 17:55:04] [INFO] [init_db.py:26] - Database `rajdhani_pos_db` checked/created successfully.
[2026-08-01 17:55:04] [ERROR] [init_db.py:55] - Unexpected error during DB init: CMySQLCursor.execute() got an unexpected keyword argument 'multi'
[2026-08-01 17:55:15] [INFO] [init_db.py:16] - Initializing Rajdhani POS database...
[2026-08-01 17:55:15] [INFO] [init_db.py:26] - Database `rajdhani_pos_db` checked/created successfully.
[2026-08-01 17:55:16] [INFO] [init_db.py:58] - Schema & sample seed data applied successfully.
[2026-08-01 17:55:20] [INFO] [user.py:27] - User 'admin' logged in successfully as admin.
[2026-08-01 17:55:20] [INFO] [order.py:111] - Order created successfully. Bill #: RAJ-20260801-0001, ID: 1, Total: 388.5
[2026-08-01 17:58:50] [INFO] [main.py:14] - ===========================================
[2026-08-01 17:58:50] [INFO] [main.py:15] - Starting Rajdhani Restaurant POS System
[2026-08-01 17:58:50] [INFO] [main.py:16] - ===========================================
[2026-08-01 17:58:50] [INFO] [init_db.py:16] - Initializing Rajdhani POS database...
[2026-08-01 17:58:50] [INFO] [init_db.py:26] - Database `rajdhani_pos_db` checked/created successfully.
[2026-08-01 17:58:51] [INFO] [init_db.py:58] - Schema & sample seed data applied successfully.
[2026-08-01 17:59:48] [INFO] [user.py:27] - User 'admin' logged in successfully as admin.
[2026-08-01 17:59:48] [INFO] [app.py:123] - User admin (admin) logged in.
[2026-08-01 18:04:01] [INFO] [customer.py:53] - Created customer 'Hetkumar patel' (9998003879) with ID 1
[2026-08-01 18:04:01] [INFO] [order.py:111] - Order created successfully. Bill #: RAJ-20260801-0002, ID: 2, Total: 315.0
[2026-08-01 18:04:46] [INFO] [printer.py:130] - Sent receipt to default Windows printer.
[2026-08-01 18:06:50] [INFO] [order.py:111] - Order created successfully. Bill #: RAJ-20260801-0003, ID: 3, Total: 367.5
[2026-08-01 18:07:16] [INFO] [printer.py:130] - Sent receipt to default Windows printer.
[2026-08-01 18:08:32] [INFO] [main.py:14] - ===========================================
[2026-08-01 18:08:32] [INFO] [main.py:15] - Starting Rajdhani Restaurant POS System
[2026-08-01 18:08:32] [INFO] [main.py:16] - ===========================================
[2026-08-01 18:08:32] [INFO] [init_db.py:16] - Initializing Rajdhani POS database...
[2026-08-01 18:08:32] [INFO] [init_db.py:26] - Database `rajdhani_pos_db` checked/created successfully.
[2026-08-01 18:08:32] [INFO] [init_db.py:58] - Schema & sample seed data applied successfully.
[2026-08-01 18:09:05] [WARNING] [user.py:37] - Failed login attempt for username: 'cashier'
[2026-08-01 18:09:21] [WARNING] [user.py:37] - Failed login attempt for username: 'cashier'
[2026-08-01 18:10:10] [WARNING] [user.py:37] - Failed login attempt for username: 'cashier'
[2026-08-01 18:14:26] [WARNING] [user.py:37] - Failed login attempt for username: 'cashier'
[2026-08-01 18:14:38] [WARNING] [user.py:37] - Failed login attempt for username: 'cashier'
[2026-08-01 18:16:26] [INFO] [init_db.py:16] - Initializing Rajdhani POS database...
[2026-08-01 18:16:26] [INFO] [init_db.py:26] - Database `rajdhani_pos_db` checked/created successfully.
[2026-08-01 18:16:26] [INFO] [init_db.py:58] - Schema & sample seed data applied successfully.
[2026-08-01 18:16:31] [INFO] [user.py:27] - User 'admin' logged in successfully as admin.
[2026-08-01 18:16:35] [INFO] [user.py:27] - User 'admin' logged in successfully as admin.
[2026-08-01 18:16:35] [INFO] [user.py:27] - User 'cashier' logged in successfully as cashier.
[2026-08-01 18:17:02] [INFO] [main.py:14] - ===========================================
[2026-08-01 18:17:02] [INFO] [main.py:15] - Starting Rajdhani Restaurant POS System
[2026-08-01 18:17:02] [INFO] [main.py:16] - ===========================================
[2026-08-01 18:17:02] [INFO] [init_db.py:16] - Initializing Rajdhani POS database...
[2026-08-01 18:17:02] [INFO] [init_db.py:26] - Database `rajdhani_pos_db` checked/created successfully.
[2026-08-01 18:17:02] [INFO] [init_db.py:58] - Schema & sample seed data applied successfully.
[2026-08-01 18:17:19] [INFO] [user.py:27] - User 'cashier' logged in successfully as cashier.
[2026-08-01 18:17:19] [INFO] [app.py:123] - User cashier (cashier) logged in.
[2026-08-01 18:21:16] [INFO] [main.py:14] - ===========================================
[2026-08-01 18:21:16] [INFO] [main.py:15] - Starting Rajdhani Restaurant POS System
[2026-08-01 18:21:16] [INFO] [main.py:16] - ===========================================
[2026-08-01 18:21:16] [INFO] [init_db.py:16] - Initializing Rajdhani POS database...
[2026-08-01 18:21:16] [INFO] [init_db.py:26] - Database `rajdhani_pos_db` checked/created successfully.
[2026-08-01 18:21:16] [INFO] [init_db.py:58] - Schema & sample seed data applied successfully.
[2026-08-01 18:21:27] [INFO] [user.py:27] - User 'admin' logged in successfully as admin.
[2026-08-01 18:21:27] [INFO] [app.py:123] - User admin (admin) logged in.
[2026-08-01 18:25:54] [INFO] [main.py:14] - ===========================================
[2026-08-01 18:25:54] [INFO] [main.py:15] - Starting Rajdhani Restaurant POS System
[2026-08-01 18:25:54] [INFO] [main.py:16] - ===========================================
[2026-08-01 18:25:54] [INFO] [init_db.py:16] - Initializing Rajdhani POS database...
[2026-08-01 18:25:54] [INFO] [init_db.py:26] - Database `rajdhani_pos_db` checked/created successfully.
[2026-08-01 18:25:54] [INFO] [init_db.py:58] - Schema & sample seed data applied successfully.
[2026-08-01 18:26:00] [INFO] [user.py:27] - User 'admin' logged in successfully as admin.
[2026-08-01 18:26:00] [INFO] [app.py:168] - User admin (admin) logged in.
[2026-08-01 18:28:01] [INFO] [main.py:14] - ===========================================
[2026-08-01 18:28:01] [INFO] [main.py:15] - Starting Rajdhani Restaurant POS System
[2026-08-01 18:28:01] [INFO] [main.py:16] - ===========================================
[2026-08-01 18:28:01] [INFO] [init_db.py:16] - Initializing Rajdhani POS database...
[2026-08-01 18:28:01] [INFO] [init_db.py:26] - Database `rajdhani_pos_db` checked/created successfully.
[2026-08-01 18:28:01] [INFO] [init_db.py:58] - Schema & sample seed data applied successfully.
[2026-08-01 18:28:46] [INFO] [user.py:27] - User 'admin' logged in successfully as admin.
[2026-08-01 18:28:46] [INFO] [app.py:168] - User admin (admin) logged in.
[2026-08-01 18:30:47] [INFO] [main.py:14] - ===========================================
[2026-08-01 18:30:47] [INFO] [main.py:15] - Starting Rajdhani Restaurant POS System
[2026-08-01 18:30:47] [INFO] [main.py:16] - ===========================================
[2026-08-01 18:30:47] [INFO] [init_db.py:16] - Initializing Rajdhani POS database...
[2026-08-01 18:30:47] [INFO] [init_db.py:26] - Database `rajdhani_pos_db` checked/created successfully.
[2026-08-01 18:30:47] [INFO] [init_db.py:58] - Schema & sample seed data applied successfully.
[2026-08-01 18:30:57] [INFO] [user.py:27] - User 'admin' logged in successfully as admin.
[2026-08-01 18:30:57] [INFO] [app.py:168] - User admin (admin) logged in.
[2026-08-01 18:32:21] [INFO] [order.py:111] - Order created successfully. Bill #: RAJ-20260801-0004, ID: 4, Total: 294.0
[2026-08-01 18:33:00] [INFO] [customer.py:53] - Created customer 'brijesh' (9923111212121) with ID 2
[2026-08-01 18:33:00] [INFO] [order.py:111] - Order created successfully. Bill #: RAJ-20260801-0005, ID: 5, Total: 294.0
[2026-08-01 18:33:30] [INFO] [order.py:111] - Order created successfully. Bill #: RAJ-20260801-0006, ID: 6, Total: 294.0
